0 verbose cli /Users/salman_mac/.nvm/versions/node/v18.15.0/bin/node /Users/salman_mac/.nvm/versions/node/v18.15.0/bin/npm
1 info using npm@9.5.0
2 info using node@v18.15.0
3 timing npm:load:whichnode Completed in 1ms
4 timing config:load:defaults Completed in 2ms
5 timing config:load:file:/Users/salman_mac/.nvm/versions/node/v18.15.0/lib/node_modules/npm/npmrc Completed in 2ms
6 timing config:load:builtin Completed in 2ms
7 timing config:load:cli Completed in 2ms
8 timing config:load:env Completed in 1ms
9 timing config:load:file:/Users/salman_mac/Desktop/projects/influencer-app/.npmrc Completed in 0ms
10 timing config:load:project Completed in 3ms
11 timing config:load:file:/Users/salman_mac/.npmrc Completed in 0ms
12 timing config:load:user Completed in 0ms
13 timing config:load:file:/Users/salman_mac/.nvm/versions/node/v18.15.0/etc/npmrc Completed in 0ms
14 timing config:load:global Completed in 1ms
15 timing config:load:setEnvs Completed in 1ms
16 timing config:load Completed in 12ms
17 timing npm:load:configload Completed in 13ms
18 timing npm:load:mkdirpcache Completed in 0ms
19 timing npm:load:mkdirplogs Completed in 1ms
20 verbose title npm
21 verbose argv "--cache" "clean"
22 timing npm:load:setTitle Completed in 24ms
23 timing config:load:flatten Completed in 2ms
24 timing npm:load:display Completed in 4ms
25 verbose logfile logs-max:10 dir:/Users/salman_mac/Desktop/projects/influencer-app/clean/_logs/2024-06-04T14_24_43_210Z-
26 verbose logfile /Users/salman_mac/Desktop/projects/influencer-app/clean/_logs/2024-06-04T14_24_43_210Z-debug-0.log
27 timing npm:load:logFile Completed in 7ms
28 timing npm:load:timers Completed in 0ms
29 timing npm:load:configScope Completed in 0ms
30 timing npm:load Completed in 50ms
31 verbose exit 0
32 timing npm Completed in 64ms
33 verbose code 1
